16:00:52 **** Build of configuration Debug for project Sensor_Capturing_via_Microcontrollers ****
make -j12 all 
arm-none-eabi-gcc "../Core/Src/main_custom.c" -mcpu=cortex-m4 -std=gnu11 -g3 -DDEBUG -DUSE_HAL_DRIVER -DSTM32F407xx -c -I../Core/Inc -I../Drivers/STM32F4xx_HAL_Driver/Inc -I../Drivers/STM32F4xx_HAL_Driver/Inc/Legacy -I../Drivers/CMSIS/Device/ST/STM32F4xx/Include -I../Drivers/CMSIS/Include -I../Middlewares/Third_Party/FreeRTOS/Source/include -I../Middlewares/Third_Party/FreeRTOS/Source/CMSIS_RTOS -I../Middlewares/Third_Party/FreeRTOS/Source/portable/GCC/ARM_CM4F -O0 -ffunction-sections -fdata-sections -Wall -fstack-usage -fcyclomatic-complexity -MMD -MP -MF"Core/Src/main_custom.d" -MT"Core/Src/main_custom.o" --specs=nano.specs -mfpu=fpv4-sp-d16 -mfloat-abi=hard -mthumb -o "Core/Src/main_custom.o"
../Core/Src/main_custom.c: In function 'Capture_Temp_Sensor_Value_Task':
../Core/Src/main_custom.c:404:20: warning: variable 'status' set but not used [-Wunused-but-set-variable]
  404 |         BaseType_t status;
      |                    ^~~~~~
../Core/Src/main_custom.c: In function 'Capture_Potensiometer_Value_Task':
../Core/Src/main_custom.c:440:20: warning: variable 'status' set but not used [-Wunused-but-set-variable]
  440 |         BaseType_t status;
      |                    ^~~~~~
../Core/Src/main_custom.c: In function 'Transmit_Temp_Sensor_Value_Task':
../Core/Src/main_custom.c:475:20: warning: variable 'status' set but not used [-Wunused-but-set-variable]
  475 |         BaseType_t status;
      |                    ^~~~~~
../Core/Src/main_custom.c: In function 'Transmit_Potensiometer_Value_Task':
../Core/Src/main_custom.c:508:20: warning: variable 'status' set but not used [-Wunused-but-set-variable]
  508 |         BaseType_t status;
      |                    ^~~~~~
arm-none-eabi-gcc -o "Sensor_Capturing_via_Microcontrollers.elf" @"objects.list"   -mcpu=cortex-m4 -T"E:\ECE\Computers_Electronics\Sensor-Capturing-via-Microcontrollers\STM32F407G\Sensor_Capturing_via_Microcontrollers\STM32F407VGTX_FLASH.ld" --specs=nosys.specs -Wl,-Map="Sensor_Capturing_via_Microcontrollers.map" -Wl,--gc-sections -static --specs=nano.specs -mfpu=fpv4-sp-d16 -mfloat-abi=hard -mthumb -u _printf_float -u _scanf_float -Wl,--start-group -lc -lm -Wl,--end-group
Finished building target: Sensor_Capturing_via_Microcontrollers.elf
 
arm-none-eabi-size  Sensor_Capturing_via_Microcontrollers.elf 
arm-none-eabi-objdump -h -S Sensor_Capturing_via_Microcontrollers.elf  > "Sensor_Capturing_via_Microcontrollers.list"
   text	   data	    bss	    dec	    hex	filename
  52080	    476	  19488	  72044	  1196c	Sensor_Capturing_via_Microcontrollers.elf
Finished building: default.size.stdout
 
Finished building: Sensor_Capturing_via_Microcontrollers.list
 
